../Core/Src/stm32f0xx_it.c:36:6:NMI_Handler	8	static
../Core/Src/stm32f0xx_it.c:37:6:HardFault_Handler	8	static
../Core/Src/stm32f0xx_it.c:38:6:SVC_Handler	8	static
../Core/Src/stm32f0xx_it.c:39:6:PendSV_Handler	8	static
../Core/Src/stm32f0xx_it.c:40:6:SysTick_Handler	8	static
../Core/Src/stm32f0xx_it.c:46:6:DMA1_Channel1_IRQHandler	8	static
../Core/Src/stm32f0xx_it.c:52:6:DMA1_Channel2_3_IRQHandler	8	static
../Core/Src/stm32f0xx_it.c:57:6:DMA1_Channel4_5_IRQHandler	8	static
../Core/Src/stm32f0xx_it.c:63:6:ADC1_IRQHandler	8	static
../Core/Src/stm32f0xx_it.c:68:6:TIM16_IRQHandler	8	static
../Core/Src/stm32f0xx_it.c:73:6:TIM17_IRQHandler	8	static
../Core/Src/stm32f0xx_it.c:78:6:I2C1_IRQHandler	8	static
../Core/Src/stm32f0xx_it.c:84:6:USART1_IRQHandler	8	static
