Archive member included to satisfy reference by file (symbol)

C:/ST/STM32CubeIDE_1.17.0/STM32CubeIDE/plugins/com.st.stm32cube.ide.mcu.externaltools.gnu-tools-for-stm32.12.3.rel1.win32_1.1.0.202410251130/tools/bin/../lib/gcc/arm-none-eabi/12.3.1/../../../../arm-none-eabi/lib/thumb/v6-m/nofp\libc_nano.a(libc_a-exit.o)
                              C:/ST/STM32CubeIDE_1.17.0/STM32CubeIDE/plugins/com.st.stm32cube.ide.mcu.externaltools.gnu-tools-for-stm32.12.3.rel1.win32_1.1.0.202410251130/tools/bin/../lib/gcc/arm-none-eabi/12.3.1/../../../../arm-none-eabi/lib/thumb/v6-m/nofp/crt0.o (exit)
C:/ST/STM32CubeIDE_1.17.0/STM32CubeIDE/plugins/com.st.stm32cube.ide.mcu.externaltools.gnu-tools-for-stm32.12.3.rel1.win32_1.1.0.202410251130/tools/bin/../lib/gcc/arm-none-eabi/12.3.1/../../../../arm-none-eabi/lib/thumb/v6-m/nofp\libc_nano.a(libc_a-findfp.o)
                              C:/ST/STM32CubeIDE_1.17.0/STM32CubeIDE/plugins/com.st.stm32cube.ide.mcu.externaltools.gnu-tools-for-stm32.12.3.rel1.win32_1.1.0.202410251130/tools/bin/../lib/gcc/arm-none-eabi/12.3.1/../../../../arm-none-eabi/lib/thumb/v6-m/nofp\libc_nano.a(libc_a-exit.o) (__stdio_exit_handler)
C:/ST/STM32CubeIDE_1.17.0/STM32CubeIDE/plugins/com.st.stm32cube.ide.mcu.externaltools.gnu-tools-for-stm32.12.3.rel1.win32_1.1.0.202410251130/tools/bin/../lib/gcc/arm-none-eabi/12.3.1/../../../../arm-none-eabi/lib/thumb/v6-m/nofp\libc_nano.a(libc_a-fwalk.o)
                              C:/ST/STM32CubeIDE_1.17.0/STM32CubeIDE/plugins/com.st.stm32cube.ide.mcu.externaltools.gnu-tools-for-stm32.12.3.rel1.win32_1.1.0.202410251130/tools/bin/../lib/gcc/arm-none-eabi/12.3.1/../../../../arm-none-eabi/lib/thumb/v6-m/nofp\libc_nano.a(libc_a-findfp.o) (_fwalk_sglue)
C:/ST/STM32CubeIDE_1.17.0/STM32CubeIDE/plugins/com.st.stm32cube.ide.mcu.externaltools.gnu-tools-for-stm32.12.3.rel1.win32_1.1.0.202410251130/tools/bin/../lib/gcc/arm-none-eabi/12.3.1/../../../../arm-none-eabi/lib/thumb/v6-m/nofp\libc_nano.a(libc_a-stdio.o)
                              C:/ST/STM32CubeIDE_1.17.0/STM32CubeIDE/plugins/com.st.stm32cube.ide.mcu.externaltools.gnu-tools-for-stm32.12.3.rel1.win32_1.1.0.202410251130/tools/bin/../lib/gcc/arm-none-eabi/12.3.1/../../../../arm-none-eabi/lib/thumb/v6-m/nofp\libc_nano.a(libc_a-findfp.o) (__sread)
C:/ST/STM32CubeIDE_1.17.0/STM32CubeIDE/plugins/com.st.stm32cube.ide.mcu.externaltools.gnu-tools-for-stm32.12.3.rel1.win32_1.1.0.202410251130/tools/bin/../lib/gcc/arm-none-eabi/12.3.1/../../../../arm-none-eabi/lib/thumb/v6-m/nofp\libc_nano.a(libc_a-memset.o)
                              C:/ST/STM32CubeIDE_1.17.0/STM32CubeIDE/plugins/com.st.stm32cube.ide.mcu.externaltools.gnu-tools-for-stm32.12.3.rel1.win32_1.1.0.202410251130/tools/bin/../lib/gcc/arm-none-eabi/12.3.1/../../../../arm-none-eabi/lib/thumb/v6-m/nofp/crt0.o (memset)
C:/ST/STM32CubeIDE_1.17.0/STM32CubeIDE/plugins/com.st.stm32cube.ide.mcu.externaltools.gnu-tools-for-stm32.12.3.rel1.win32_1.1.0.202410251130/tools/bin/../lib/gcc/arm-none-eabi/12.3.1/../../../../arm-none-eabi/lib/thumb/v6-m/nofp\libc_nano.a(libc_a-closer.o)
                              C:/ST/STM32CubeIDE_1.17.0/STM32CubeIDE/plugins/com.st.stm32cube.ide.mcu.externaltools.gnu-tools-for-stm32.12.3.rel1.win32_1.1.0.202410251130/tools/bin/../lib/gcc/arm-none-eabi/12.3.1/../../../../arm-none-eabi/lib/thumb/v6-m/nofp\libc_nano.a(libc_a-stdio.o) (_close_r)
C:/ST/STM32CubeIDE_1.17.0/STM32CubeIDE/plugins/com.st.stm32cube.ide.mcu.externaltools.gnu-tools-for-stm32.12.3.rel1.win32_1.1.0.202410251130/tools/bin/../lib/gcc/arm-none-eabi/12.3.1/../../../../arm-none-eabi/lib/thumb/v6-m/nofp\libc_nano.a(libc_a-reent.o)
                              C:/ST/STM32CubeIDE_1.17.0/STM32CubeIDE/plugins/com.st.stm32cube.ide.mcu.externaltools.gnu-tools-for-stm32.12.3.rel1.win32_1.1.0.202410251130/tools/bin/../lib/gcc/arm-none-eabi/12.3.1/../../../../arm-none-eabi/lib/thumb/v6-m/nofp\libc_nano.a(libc_a-closer.o) (errno)
C:/ST/STM32CubeIDE_1.17.0/STM32CubeIDE/plugins/com.st.stm32cube.ide.mcu.externaltools.gnu-tools-for-stm32.12.3.rel1.win32_1.1.0.202410251130/tools/bin/../lib/gcc/arm-none-eabi/12.3.1/../../../../arm-none-eabi/lib/thumb/v6-m/nofp\libc_nano.a(libc_a-impure.o)
                              C:/ST/STM32CubeIDE_1.17.0/STM32CubeIDE/plugins/com.st.stm32cube.ide.mcu.externaltools.gnu-tools-for-stm32.12.3.rel1.win32_1.1.0.202410251130/tools/bin/../lib/gcc/arm-none-eabi/12.3.1/../../../../arm-none-eabi/lib/thumb/v6-m/nofp\libc_nano.a(libc_a-reent.o) (_impure_ptr)
C:/ST/STM32CubeIDE_1.17.0/STM32CubeIDE/plugins/com.st.stm32cube.ide.mcu.externaltools.gnu-tools-for-stm32.12.3.rel1.win32_1.1.0.202410251130/tools/bin/../lib/gcc/arm-none-eabi/12.3.1/../../../../arm-none-eabi/lib/thumb/v6-m/nofp\libc_nano.a(libc_a-lseekr.o)
[...]
Memory Configuration

Name             Origin             Length             Attributes
RAM              0x20000000         0x00002000         xrw
FLASH            0x08000000         0x00010000         xr
*default*        0x00000000         0xffffffff

Linker script and memory map

LOAD C:/ST/STM32CubeIDE_1.17.0/STM32CubeIDE/plugins/com.st.stm32cube.ide.mcu.externaltools.gnu-tools-for-stm32.12.3.rel1.win32_1.1.0.202410251130/tools/bin/../lib/gcc/arm-none-eabi/12.3.1/thumb/v6-m/nofp/crti.o
LOAD C:/ST/STM32CubeIDE_1.17.0/STM32CubeIDE/plugins/com.st.stm32cube.ide.mcu.externaltools.gnu-tools-for-stm32.12.3.rel1.win32_1.1.0.202410251130/tools/bin/../lib/gcc/arm-none-eabi/12.3.1/thumb/v6-m/nofp/crtbegin.o
LOAD C:/ST/STM32CubeIDE_1.17.0/STM32CubeIDE/plugins/com.st.stm32cube.ide.mcu.externaltools.gnu-tools-for-stm32.12.3.rel1.win32_1.1.0.202410251130/tools/bin/../lib/gcc/arm-none-eabi/12.3.1/../../../../arm-none-eabi/lib/thumb/v6-m/nofp/crt0.o
LOAD ./Core/Src/adc.o
LOAD ./Core/Src/app.o
LOAD ./Core/Src/crc.o
LOAD ./Core/Src/dma.o
LOAD ./Core/Src/gpio.o
LOAD ./Core/Src/i2c.o
LOAD ./Core/Src/iwdg.o
LOAD ./Core/Src/main.o
LOAD ./Core/Src/modbus.o
LOAD ./Core/Src/power_on_blink.o
LOAD ./Core/Src/pwm.o
LOAD ./Core/Src/sensors.o
LOAD ./Core/Src/stm32f0xx_hal_msp.o
LOAD ./Core/Src/stm32f0xx_it.o
LOAD ./Core/Src/syscalls.o
LOAD ./Core/Src/sysmem.o
LOAD ./Core/Src/system_stm32f0xx.o
LOAD ./Core/Src/tim.o
LOAD ./Core/Src/usart.o
LOAD ./Core/Startup/startup_stm32f030c8tx.o
LOAD ./Drivers/STM32F0xx_HAL_Driver/stm32f0xx_hal.o
LOAD ./Drivers/STM32F0xx_HAL_Driver/stm32f0xx_hal_adc.o
LOAD ./Drivers/STM32F0xx_HAL_Driver/stm32f0xx_hal_adc_ex.o
LOAD ./Drivers/STM32F0xx_HAL_Driver/stm32f0xx_hal_cortex.o
LOAD ./Drivers/STM32F0xx_HAL_Driver/stm32f0xx_hal_crc.o
LOAD ./Drivers/STM32F0xx_HAL_Driver/stm32f0xx_hal_crc_ex.o
LOAD ./Drivers/STM32F0xx_HAL_Driver/stm32f0xx_hal_dma.o
LOAD ./Drivers/STM32F0xx_HAL_Driver/stm32f0xx_hal_exti.o
LOAD ./Drivers/STM32F0xx_HAL_Driver/stm32f0xx_hal_flash.o
LOAD ./Drivers/STM32F0xx_HAL_Driver/stm32f0xx_hal_flash_ex.o
LOAD ./Drivers/STM32F0xx_HAL_Driver/stm32f0xx_hal_gpio.o
LOAD ./Drivers/STM32F0xx_HAL_Driver/stm32f0xx_hal_i2c.o
LOAD ./Drivers/STM32F0xx_HAL_Driver/stm32f0xx_hal_i2c_ex.o
LOAD ./Drivers/STM32F0xx_HAL_Driver/stm32f0xx_hal_iwdg.o
LOAD ./Drivers/STM32F0xx_HAL_Driver/stm32f0xx_hal_pwr.o
LOAD ./Drivers/STM32F0xx_HAL_Driver/stm32f0xx_hal_pwr_ex.o
LOAD ./Drivers/STM32F0xx_HAL_Driver/stm32f0xx_hal_rcc.o
LOAD ./Drivers/STM32F0xx_HAL_Driver/stm32f0xx_hal_rcc_ex.o
LOAD ./Drivers/STM32F0xx_HAL_Driver/stm32f0xx_hal_tim.o
LOAD ./Drivers/STM32F0xx_HAL_Driver/stm32f0xx_hal_tim_ex.o
LOAD ./Drivers/STM32F0xx_HAL_Driver/stm32f0xx_hal_uart.o
LOAD ./Drivers/STM32F0xx_HAL_Driver/stm32f0xx_hal_uart_ex.o
START GROUP
LOAD C:/ST/STM32CubeIDE_1.17.0/STM32CubeIDE/plugins/com.st.stm32cube.ide.mcu.externaltools.gnu-tools-for-stm32.12.3.rel1.win32_1.1.0.202410251130/tools/bin/../lib/gcc/arm-none-eabi/12.3.1/../../../../arm-none-eabi/lib/thumb/v6-m/nofp\libc_nano.a
LOAD C:/ST/STM32CubeIDE_1.17.0/STM32CubeIDE/plugins/com.st.stm32cube.ide.mcu.externaltools.gnu-tools-for-stm32.12.3.rel1.win32_1.1.0.202410251130/tools/bin/../lib/gcc/arm-none-eabi/12.3.1/../../../../arm-none-eabi/lib/thumb/v6-m/nofp\libm.a
END GROUP
START GROUP
LOAD C:/ST/STM32CubeIDE_1.17.0/STM32CubeIDE/plugins/com.st.stm32cube.ide.mcu.externaltools.gnu-tools-for-stm32.12.3.rel1.win32_1.1.0.202410251130/tools/bin/../lib/gcc/arm-none-eabi/12.3.1/thumb/v6-m/nofp\libgcc.a
LOAD C:/ST/STM32CubeIDE_1.17.0/STM32CubeIDE/plugins/com.st.stm32cube.ide.mcu.externaltools.gnu-tools-for-stm32.12.3.rel1.win32_1.1.0.202410251130/tools/bin/../lib/gcc/arm-none-eabi/12.3.1/../../../../arm-none-eabi/lib/thumb/v6-m/nofp\libc_nano.a
END GROUP
START GROUP
LOAD C:/ST/STM32CubeIDE_1.17.0/STM32CubeIDE/plugins/com.st.stm32cube.ide.mcu.externaltools.gnu-tools-for-stm32.12.3.rel1.win32_1.1.0.202410251130/tools/bin/../lib/gcc/arm-none-eabi/12.3.1/thumb/v6-m/nofp\libgcc.a
LOAD C:/ST/STM32CubeIDE_1.17.0/STM32CubeIDE/plugins/com.st.stm32cube.ide.mcu.externaltools.gnu-tools-for-stm32.12.3.rel1.win32_1.1.0.202410251130/tools/bin/../lib/gcc/arm-none-eabi/12.3.1/../../../../arm-none-eabi/lib/thumb/v6-m/nofp\libc_nano.a
LOAD C:/ST/STM32CubeIDE_1.17.0/STM32CubeIDE/plugins/com.st.stm32cube.ide.mcu.externaltools.gnu-tools-for-stm32.12.3.rel1.win32_1.1.0.202410251130/tools/bin/../lib/gcc/arm-none-eabi/12.3.1/../../../../arm-none-eabi/lib/thumb/v6-m/nofp\libnosys.a
END GROUP
START GROUP
LOAD C:/ST/STM32CubeIDE_1.17.0/STM32CubeIDE/plugins/com.st.stm32cube.ide.mcu.externaltools.gnu-tools-for-stm32.12.3.rel1.win32_1.1.0.202410251130/tools/bin/../lib/gcc/arm-none-eabi/12.3.1/thumb/v6-m/nofp\libgcc.a
LOAD C:/ST/STM32CubeIDE_1.17.0/STM32CubeIDE/plugins/com.st.stm32cube.ide.mcu.externaltools.gnu-tools-for-stm32.12.3.rel1.win32_1.1.0.202410251130/tools/bin/../lib/gcc/arm-none-eabi/12.3.1/../../../../arm-none-eabi/lib/thumb/v6-m/nofp\libc_nano.a
LOAD C:/ST/STM32CubeIDE_1.17.0/STM32CubeIDE/plugins/com.st.stm32cube.ide.mcu.externaltools.gnu-tools-for-stm32.12.3.rel1.win32_1.1.0.202410251130/tools/bin/../lib/gcc/arm-none-eabi/12.3.1/../../../../arm-none-eabi/lib/thumb/v6-m/nofp\libnosys.a
END GROUP
LOAD C:/ST/STM32CubeIDE_1.17.0/STM32CubeIDE/plugins/com.st.stm32cube.ide.mcu.externaltools.gnu-tools-for-stm32.12.3.rel1.win32_1.1.0.202410251130/tools/bin/../lib/gcc/arm-none-eabi/12.3.1/thumb/v6-m/nofp/crtend.o
LOAD C:/ST/STM32CubeIDE_1.17.0/STM32CubeIDE/plugins/com.st.stm32cube.ide.mcu.externaltools.gnu-tools-for-stm32.12.3.rel1.win32_1.1.0.202410251130/tools/bin/../lib/gcc/arm-none-eabi/12.3.1/thumb/v6-m/nofp/crtn.o
                0x20002000                        _estack = (ORIGIN (RAM) + LENGTH (RAM))
                0x00000200                        _Min_Heap_Size = 0x200
                0x00000400                        _Min_Stack_Size = 0x400

.isr_vector     0x08000000       0xc0
                0x08000000                        . = ALIGN (0x4)
 *(.isr_vector)
 .isr_vector    0x08000000       0xc0 ./Core/Startup/startup_stm32f030c8tx.o
                0x08000000                g_pfnVectors
                0x080000c0                        . = ALIGN (0x4)

.text           0x080000c0     0x5a7c
                0x080000c0                        . = ALIGN (0x4)
 *(.text)
 .text          0x080000c0       0x48 C:/ST/STM32CubeIDE_1.17.0/STM32CubeIDE/plugins/com.st.stm32cube.ide.mcu.externaltools.gnu-tools-for-stm32.12.3.rel1.win32_1.1.0.202410251130/tools/bin/../lib/gcc/arm-none-eabi/12.3.1/thumb/v6-m/nofp/crtbegin.o
 .text          0x08000108      0x114 C:/ST/STM32CubeIDE_1.17.0/STM32CubeIDE/plugins/com.st.stm32cube.ide.mcu.externaltools.gnu-tools-for-stm32.12.3.rel1.win32_1.1.0.202410251130/tools/bin/../lib/gcc/arm-none-eabi/12.3.1/thumb/v6-m/nofp\libgcc.a(_udivsi3.o)
                0x08000108                __aeabi_uidiv
                0x08000108                __udivsi3
                0x08000214                __aeabi_uidivmod
 .text          0x0800021c        0x4 C:/ST/STM32CubeIDE_1.17.0/STM32CubeIDE/plugins/com.st.stm32cube.ide.mcu.externaltools.gnu-tools-for-stm32.12.3.rel1.win32_1.1.0.202410251130/tools/bin/../lib/gcc/arm-none-eabi/12.3.1/thumb/v6-m/nofp\libgcc.a(_dvmd_tls.o)
                0x0800021c                __aeabi_idiv0
                0x0800021c                __aeabi_ldiv0
 *(.text*)
 .text.MX_ADC_Init
                0x08000220      0x144 ./Core/Src/adc.o
                0x08000220                MX_ADC_Init
 .text.HAL_ADC_MspInit
                0x08000364       0xa4 ./Core/Src/adc.o
                0x08000364                HAL_ADC_MspInit
 .text.apply_outputs
                0x08000408       0xc8 ./Core/Src/app.o
 .text.App_Init
                0x080004d0       0x20 ./Core/Src/app.o
                0x080004d0                App_Init
 .text.App_Task
                0x080004f0       0x6c ./Core/Src/app.o
                0x080004f0                App_Task
 .text.App_SetMode
                0x0800055c       0x48 ./Core/Src/app.o
                0x0800055c                App_SetMode
 .text.App_SetBrightness
                0x080005a4       0x40 ./Core/Src/app.o
                0x080005a4                App_SetBrightness
 .text.MX_DMA_Init
                0x080005e4       0x4c ./Core/Src/dma.o
                0x080005e4                MX_DMA_Init
 .text.MX_GPIO_Init
                0x08000630      0x184 ./Core/Src/gpio.o
                0x08000630                MX_GPIO_Init
 .text.main     0x080007b4       0x44 ./Core/Src/main.o
                0x080007b4                main
 .text.SystemClock_Config
                0x080007f8       0xca ./Core/Src/main.o
                0x080007f8                SystemClock_Config
 .text.Error_Handler
                0x080008c2        0xc ./Core/Src/main.o
                0x080008c2                Error_Handler
 *fill*         0x080008ce        0x2 
 .text.crc16    0x080008d0       0xb8 ./Core/Src/modbus.o
 .text.start_rx
                0x08000988       0x30 ./Core/Src/modbus.o
 .text.Modbus_UART_IdleISR
                0x080009b8      0x524 ./Core/Src/modbus.o
                0x080009b8                Modbus_UART_IdleISR
 .text.Modbus_Init
                0x08000edc       0x38 ./Core/Src/modbus.o
                0x08000edc                Modbus_Init
 .text.Modbus_SetStatus
                0x08000f14       0x20 ./Core/Src/modbus.o
                0x08000f14                Modbus_SetStatus
 .text.Modbus_SetBrightnessReg
                0x08000f34       0x2c ./Core/Src/modbus.o
                0x08000f34                Modbus_SetBrightnessReg
 .text.Modbus_SetCurrentRegs
                0x08000f60       0x3c ./Core/Src/modbus.o
                0x08000f60                Modbus_SetCurrentRegs
 .text.clamp_u8
                0x08000f9c       0x26 ./Core/Src/power_on_blink.o
 .text.PowerOn_Blink
                0x08000fc2       0xe2 ./Core/Src/power_on_blink.o
                0x08000fc2                PowerOn_Blink
 .text.PowerOn_Blink_Default
                0x080010a4       0x1c ./Core/Src/power_on_blink.o
                0x080010a4                PowerOn_Blink_Default
 .text.map_brightness_to_ccr
                0x080010c0       0x4a ./Core/Src/pwm.o
 *fill*         0x0800110a        0x2 
 .text.set_ccr_both
                0x0800110c       0x50 ./Core/Src/pwm.o
 .text.PWM_Init
                0x0800115c       0x30 ./Core/Src/pwm.o
                0x0800115c                PWM_Init
 .text.PWM_SetBoth
                0x0800118c       0x2a ./Core/Src/pwm.o
                0x0800118c                PWM_SetBoth
 *fill*         0x080011b6        0x2 
 .text.adc_to_mA
                0x080011b8       0x58 ./Core/Src/sensors.o
 .text.Sensors_Init
                0x08001210       0x28 ./Core/Src/sensors.o
                0x08001210                Sensors_Init
 .text.Sensors_Task
                0x08001238       0x44 ./Core/Src/sensors.o
                0x08001238                Sensors_Task
 .text.HAL_MspInit
                0x0800127c       0x48 ./Core/Src/stm32f0xx_hal_msp.o
                0x0800127c                HAL_MspInit
 .text.NMI_Handler
                0x080012c4        0x8 ./Core/Src/stm32f0xx_it.o
                0x080012c4                NMI_Handler
 .text.HardFault_Handler
                0x080012cc        0x8 ./Core/Src/stm32f0xx_it.o
                0x080012cc                HardFault_Handler
 .text.SVC_Handler
                0x080012d4        0xa ./Core/Src/stm32f0xx_it.o
                0x080012d4                SVC_Handler
 .text.PendSV_Handler
                0x080012de        0xa ./Core/Src/stm32f0xx_it.o
                0x080012de                PendSV_Handler
 .text.SysTick_Handler
                0x080012e8        0xe ./Core/Src/stm32f0xx_it.o
                0x080012e8                SysTick_Handler
 *fill*         0x080012f6        0x2 
 .text.DMA1_Channel1_IRQHandler
                0x080012f8       0x18 ./Core/Src/stm32f0xx_it.o
                0x080012f8                DMA1_Channel1_IRQHandler
 .text.DMA1_Channel2_3_IRQHandler
                0x08001310        0xa ./Core/Src/stm32f0xx_it.o
                0x08001310                DMA1_Channel2_3_IRQHandler
 *fill*         0x0800131a        0x2 
 .text.DMA1_Channel4_5_IRQHandler
                0x0800131c       0x24 ./Core/Src/stm32f0xx_it.o
                0x0800131c                DMA1_Channel4_5_IRQHandler
 .text.ADC1_IRQHandler
                0x08001340       0x18 ./Core/Src/stm32f0xx_it.o
                0x08001340                ADC1_IRQHandler
 .text.TIM16_IRQHandler
                0x08001358       0x18 ./Core/Src/stm32f0xx_it.o
                0x08001358                TIM16_IRQHandler
 .text.TIM17_IRQHandler
                0x08001370       0x18 ./Core/Src/stm32f0xx_it.o
                0x08001370                TIM17_IRQHandler
 .text.I2C1_IRQHandler
                0x08001388        0xa ./Core/Src/stm32f0xx_it.o
                0x08001388                I2C1_IRQHandler
 *fill*         0x08001392        0x2 
 .text.USART1_IRQHandler
                0x08001394       0x30 ./Core/Src/stm32f0xx_it.o
                0x08001394                USART1_IRQHandler
 .text.SystemInit
                0x080013c4        0xa ./Core/Src/system_stm32f0xx.o
                0x080013c4                SystemInit
 *fill*         0x080013ce        0x2 
 .text.MX_TIM16_Init
                0x080013d0      0x10c ./Core/Src/tim.o
                0x080013d0                MX_TIM16_Init
 .text.MX_TIM17_Init
                0x080014dc      0x10c ./Core/Src/tim.o
                0x080014dc                MX_TIM17_Init
 .text.HAL_TIM_Base_MspInit
                0x080015e8       0xb8 ./Core/Src/tim.o
                0x080015e8                HAL_TIM_Base_MspInit
 .text.HAL_TIM_MspPostInit
                0x080016a0       0xdc ./Core/Src/tim.o
                0x080016a0                HAL_TIM_MspPostInit
 .text.MX_USART1_UART_Init
                0x0800177c       0x68 ./Core/Src/usart.o
                0x0800177c                MX_USART1_UART_Init
 .text.HAL_UART_MspInit
                0x080017e4      0x1cc ./Core/Src/usart.o
                0x080017e4                HAL_UART_MspInit
 .text.Reset_Handler
                0x080019b0       0x50 ./Core/Startup/startup_stm32f030c8tx.o
                0x080019b0                Reset_Handler
 .text.Default_Handler
                0x08001a00        0x2 ./Core/Startup/startup_stm32f030c8tx.o
                0x08001a00                TIM1_CC_IRQHandler
                0x08001a00                TIM6_IRQHandler
                0x08001a00                SPI1_IRQHandler
                0x08001a00                EXTI2_3_IRQHandler
                0x08001a00                I2C2_IRQHandler
                0x08001a00                RTC_IRQHandler
                0x08001a00                TIM3_IRQHandler
                0x08001a00                EXTI4_15_IRQHandler
                0x08001a00                RCC_IRQHandler
                0x08001a00                Default_Handler
                0x08001a00                TIM14_IRQHandler
                0x08001a00                TIM15_IRQHandler
                0x08001a00                EXTI0_1_IRQHandler
                0x08001a00                SPI2_IRQHandler
                0x08001a00                WWDG_IRQHandler
                0x08001a00                USART2_IRQHandler
                0x08001a00                FLASH_IRQHandler
                0x08001a00                TIM1_BRK_UP_TRG_COM_IRQHandler
 *fill*         0x08001a02        0x2 
 .text.HAL_Init
                0x08001a04       0x28 ./Drivers/STM32F0xx_HAL_Driver/stm32f0xx_hal.o
                0x08001a04                HAL_Init
 .text.HAL_InitTick
                0x08001a2c       0x68 ./Drivers/STM32F0xx_HAL_Driver/stm32f0xx_hal.o
                0x08001a2c                HAL_InitTick
 .text.HAL_IncTick
                0x08001a94       0x24 ./Drivers/STM32F0xx_HAL_Driver/stm32f0xx_hal.o
                0x08001a94                HAL_IncTick
 .text.HAL_GetTick
                0x08001ab8       0x14 ./Drivers/STM32F0xx_HAL_Driver/stm32f0xx_hal.o
                0x08001ab8                HAL_GetTick
 .text.HAL_Delay
                0x08001acc       0x48 ./Drivers/STM32F0xx_HAL_Driver/stm32f0xx_hal.o
                0x08001acc                HAL_Delay
 .text.HAL_ADC_Init
                0x08001b14      0x280 ./Drivers/STM32F0xx_HAL_Driver/stm32f0xx_hal_adc.o
                0x08001b14                HAL_ADC_Init
 .text.HAL_ADC_Start_DMA
                0x08001d94      0x104 ./Drivers/STM32F0xx_HAL_Driver/stm32f0xx_hal_adc.o
                0x08001d94                HAL_ADC_Start_DMA
 .text.HAL_ADC_IRQHandler
                0x08001e98      0x148 ./Drivers/STM32F0xx_HAL_Driver/stm32f0xx_hal_adc.o
                0x08001e98                HAL_ADC_IRQHandler
 .text.HAL_ADC_ConvCpltCallback
                0x08001fe0       0x10 ./Drivers/STM32F0xx_HAL_Driver/stm32f0xx_hal_adc.o
                0x08001fe0                HAL_ADC_ConvCpltCallback
 .text.HAL_ADC_ConvHalfCpltCallback
                0x08001ff0       0x10 ./Drivers/STM32F0xx_HAL_Driver/stm32f0xx_hal_adc.o
                0x08001ff0                HAL_ADC_ConvHalfCpltCallback
 .text.HAL_ADC_LevelOutOfWindowCallback
                0x08002000       0x10 ./Drivers/STM32F0xx_HAL_Driver/stm32f0xx_hal_adc.o
                0x08002000                HAL_ADC_LevelOutOfWindowCallback
 .text.HAL_ADC_ErrorCallback
                0x08002010       0x10 ./Drivers/STM32F0xx_HAL_Driver/stm32f0xx_hal_adc.o
                0x08002010                HAL_ADC_ErrorCallback
 .text.HAL_ADC_ConfigChannel
                0x08002020      0x1ec ./Drivers/STM32F0xx_HAL_Driver/stm32f0xx_hal_adc.o
                0x08002020                HAL_ADC_ConfigChannel
 .text.ADC_Enable
                0x0800220c      0x108 ./Drivers/STM32F0xx_HAL_Driver/stm32f0xx_hal_adc.o
 .text.ADC_DMAConvCplt
                0x08002314       0xb4 ./Drivers/STM32F0xx_HAL_Driver/stm32f0xx_hal_adc.o
 .text.ADC_DMAHalfConvCplt
                0x080023c8       0x1e ./Drivers/STM32F0xx_HAL_Driver/stm32f0xx_hal_adc.o
 .text.ADC_DMAError
                0x080023e6       0x36 ./Drivers/STM32F0xx_HAL_Driver/stm32f0xx_hal_adc.o
 .text.HAL_ADCEx_Calibration_Start
                0x0800241c      0x150 ./Drivers/STM32F0xx_HAL_Driver/stm32f0xx_hal_adc_ex.o
                0x0800241c                HAL_ADCEx_Calibration_Start
 .text.__NVIC_EnableIRQ
                0x0800256c       0x34 ./Drivers/STM32F0xx_HAL_Driver/stm32f0xx_hal_cortex.o
 .text.__NVIC_SetPriority
                0x080025a0       0xdc ./Drivers/STM32F0xx_HAL_Driver/stm32f0xx_hal_cortex.o
 .text.SysTick_Config
                0x0800267c       0x48 ./Drivers/STM32F0xx_HAL_Driver/stm32f0xx_hal_cortex.o
 .text.HAL_NVIC_SetPriority
                0x080026c4       0x2a ./Drivers/STM32F0xx_HAL_Driver/stm32f0xx_hal_cortex.o
                0x080026c4                HAL_NVIC_SetPriority
 .text.HAL_NVIC_EnableIRQ
                0x080026ee       0x20 ./Drivers/STM32F0xx_HAL_Driver/stm32f0xx_hal_cortex.o
                0x080026ee                HAL_NVIC_EnableIRQ
 .text.HAL_SYSTICK_Config
                0x0800270e       0x1a ./Drivers/STM32F0xx_HAL_Driver/stm32f0xx_hal_cortex.o
                0x0800270e                HAL_SYSTICK_Config
 .text.HAL_DMA_Init
                0x08002728       0x90 ./Drivers/STM32F0xx_HAL_Driver/stm32f0xx_hal_dma.o
                0x08002728                HAL_DMA_Init
 .text.HAL_DMA_Start_IT
                0x080027b8       0xcc ./Drivers/STM32F0xx_HAL_Driver/stm32f0xx_hal_dma.o
                0x080027b8                HAL_DMA_Start_IT
 .text.HAL_DMA_Abort
                0x08002884       0x70 ./Drivers/STM32F0xx_HAL_Driver/stm32f0xx_hal_dma.o
                0x08002884                HAL_DMA_Abort
 .text.HAL_DMA_Abort_IT
                0x080028f4       0x8a ./Drivers/STM32F0xx_HAL_Driver/stm32f0xx_hal_dma.o
                0x080028f4                HAL_DMA_Abort_IT
 .text.HAL_DMA_IRQHandler
                0x0800297e      0x144 ./Drivers/STM32F0xx_HAL_Driver/stm32f0xx_hal_dma.o
                0x0800297e                HAL_DMA_IRQHandler
 .text.HAL_DMA_GetError
                0x08002ac2       0x14 ./Drivers/STM32F0xx_HAL_Driver/stm32f0xx_hal_dma.o
                0x08002ac2                HAL_DMA_GetError
 .text.DMA_SetConfig
                0x08002ad6       0x58 ./Drivers/STM32F0xx_HAL_Driver/stm32f0xx_hal_dma.o
 *fill*         0x08002b2e        0x2 
 .text.DMA_CalcBaseAndBitshift
                0x08002b30       0x38 ./Drivers/STM32F0xx_HAL_Driver/stm32f0xx_hal_dma.o
 .text.HAL_GPIO_Init
                0x08002b68      0x2e0 ./Drivers/STM32F0xx_HAL_Driver/stm32f0xx_hal_gpio.o
                0x08002b68                HAL_GPIO_Init
 .text.HAL_GPIO_WritePin
                0x08002e48       0x3a ./Drivers/STM32F0xx_HAL_Driver/stm32f0xx_hal_gpio.o
                0x08002e48                HAL_GPIO_WritePin
 *fill*         0x08002e82        0x2 
 .text.HAL_RCC_OscConfig
                0x08002e84      0x634 ./Drivers/STM32F0xx_HAL_Driver/stm32f0xx_hal_rcc.o
                0x08002e84                HAL_RCC_OscConfig
 .text.HAL_RCC_ClockConfig
                0x080034b8      0x19c ./Drivers/STM32F0xx_HAL_Driver/stm32f0xx_hal_rcc.o
                0x080034b8                HAL_RCC_ClockConfig
 .text.HAL_RCC_GetSysClockFreq
                0x08003654       0xb0 ./Drivers/STM32F0xx_HAL_Driver/stm32f0xx_hal_rcc.o
                0x08003654                HAL_RCC_GetSysClockFreq
 .text.HAL_RCC_GetHCLKFreq
                0x08003704       0x14 ./Drivers/STM32F0xx_HAL_Driver/stm32f0xx_hal_rcc.o
                0x08003704                HAL_RCC_GetHCLKFreq
 .text.HAL_RCC_GetPCLK1Freq
                0x08003718       0x2c ./Drivers/STM32F0xx_HAL_Driver/stm32f0xx_hal_rcc.o
                0x08003718                HAL_RCC_GetPCLK1Freq
 .text.HAL_RCCEx_PeriphCLKConfig
                0x08003744      0x19c ./Drivers/STM32F0xx_HAL_Driver/stm32f0xx_hal_rcc_ex.o
                0x08003744                HAL_RCCEx_PeriphCLKConfig
 .text.HAL_TIM_Base_Init
                0x080038e0       0xa0 ./Drivers/STM32F0xx_HAL_Driver/stm32f0xx_hal_tim.o
                0x080038e0                HAL_TIM_Base_Init
 .text.HAL_TIM_PWM_Init
                0x08003980       0xa0 ./Drivers/STM32F0xx_HAL_Driver/stm32f0xx_hal_tim.o
                0x08003980                HAL_TIM_PWM_Init
 .text.HAL_TIM_PWM_MspInit
                0x08003a20       0x10 ./Drivers/STM32F0xx_HAL_Driver/stm32f0xx_hal_tim.o
                0x08003a20                HAL_TIM_PWM_MspInit
 .text.HAL_TIM_PWM_Start
                0x08003a30      0x164 ./Drivers/STM32F0xx_HAL_Driver/stm32f0xx_hal_tim.o
                0x08003a30                HAL_TIM_PWM_Start
 .text.HAL_TIM_IRQHandler
                0x08003b94      0x1dc ./Drivers/STM32F0xx_HAL_Driver/stm32f0xx_hal_tim.o
                0x08003b94                HAL_TIM_IRQHandler
 .text.HAL_TIM_PWM_ConfigChannel
                0x08003d70      0x18c ./Drivers/STM32F0xx_HAL_Driver/stm32f0xx_hal_tim.o
                0x08003d70                HAL_TIM_PWM_ConfigChannel
 .text.HAL_TIM_PeriodElapsedCallback
                0x08003efc       0x10 ./Drivers/STM32F0xx_HAL_Driver/stm32f0xx_hal_tim.o
                0x08003efc                HAL_TIM_PeriodElapsedCallback
 .text.HAL_TIM_OC_DelayElapsedCallback
                0x08003f0c       0x10 ./Drivers/STM32F0xx_HAL_Driver/stm32f0xx_hal_tim.o
                0x08003f0c                HAL_TIM_OC_DelayElapsedCallback
 .text.HAL_TIM_IC_CaptureCallback
                0x08003f1c       0x10 ./Drivers/STM32F0xx_HAL_Driver/stm32f0xx_hal_tim.o
                0x08003f1c                HAL_TIM_IC_CaptureCallback
 .text.HAL_TIM_PWM_PulseFinishedCallback
                0x08003f2c       0x10 ./Drivers/STM32F0xx_HAL_Driver/stm32f0xx_hal_tim.o
                0x08003f2c                HAL_TIM_PWM_PulseFinishedCallback
 .text.HAL_TIM_TriggerCallback
                0x08003f3c       0x10 ./Drivers/STM32F0xx_HAL_Driver/stm32f0xx_hal_tim.o
                0x08003f3c                HAL_TIM_TriggerCallback
 .text.TIM_Base_SetConfig
                0x08003f4c      0x108 ./Drivers/STM32F0xx_HAL_Driver/stm32f0xx_hal_tim.o
                0x08003f4c                TIM_Base_SetConfig
 .text.TIM_OC1_SetConfig
                0x08004054      0x110 ./Drivers/STM32F0xx_HAL_Driver/stm32f0xx_hal_tim.o
 .text.TIM_OC2_SetConfig
                0x08004164      0x108 ./Drivers/STM32F0xx_HAL_Driver/stm32f0xx_hal_tim.o
                0x08004164                TIM_OC2_SetConfig
 .text.TIM_OC3_SetConfig
                0x0800426c      0x10c ./Drivers/STM32F0xx_HAL_Driver/stm32f0xx_hal_tim.o
 .text.TIM_OC4_SetConfig
                0x08004378       0xd4 ./Drivers/STM32F0xx_HAL_Driver/stm32f0xx_hal_tim.o
 .text.TIM_CCxChannelCmd
                0x0800444c       0x46 ./Drivers/STM32F0xx_HAL_Driver/stm32f0xx_hal_tim.o
                0x0800444c                TIM_CCxChannelCmd
 *fill*         0x08004492        0x2 
 .text.HAL_TIMEx_ConfigBreakDeadTime
                0x08004494       0xbc ./Drivers/STM32F0xx_HAL_Driver/stm32f0xx_hal_tim_ex.o
                0x08004494                HAL_TIMEx_ConfigBreakDeadTime
 .text.HAL_TIMEx_CommutCallback
                0x08004550       0x10 ./Drivers/STM32F0xx_HAL_Driver/stm32f0xx_hal_tim_ex.o
                0x08004550                HAL_TIMEx_CommutCallback
 .text.HAL_TIMEx_BreakCallback
                0x08004560       0x10 ./Drivers/STM32F0xx_HAL_Driver/stm32f0xx_hal_tim_ex.o
                0x08004560                HAL_TIMEx_BreakCallback
 .text.HAL_UART_Transmit_DMA
                0x08004570      0x120 ./Drivers/STM32F0xx_HAL_Driver/stm32f0xx_hal_uart.o
                0x08004570                HAL_UART_Transmit_DMA
 .text.HAL_UART_Receive_DMA
                0x08004690       0xae ./Drivers/STM32F0xx_HAL_Driver/stm32f0xx_hal_uart.o
                0x08004690                HAL_UART_Receive_DMA
 .text.HAL_UART_DMAStop
                0x0800473e      0x120 ./Drivers/STM32F0xx_HAL_Driver/stm32f0xx_hal_uart.o
                0x0800473e                HAL_UART_DMAStop
 *fill*         0x0800485e        0x2 
 .text.HAL_UART_IRQHandler
                0x08004860      0x590 ./Drivers/STM32F0xx_HAL_Driver/stm32f0xx_hal_uart.o
                0x08004860                HAL_UART_IRQHandler
 .text.HAL_UART_TxCpltCallback
                0x08004df0       0x10 ./Drivers/STM32F0xx_HAL_Driver/stm32f0xx_hal_uart.o
                0x08004df0                HAL_UART_TxCpltCallback
 .text.HAL_UART_TxHalfCpltCallback
                0x08004e00       0x10 ./Drivers/STM32F0xx_HAL_Driver/stm32f0xx_hal_uart.o
                0x08004e00                HAL_UART_TxHalfCpltCallback
 .text.HAL_UART_RxCpltCallback
                0x08004e10       0x10 ./Drivers/STM32F0xx_HAL_Driver/stm32f0xx_hal_uart.o
                0x08004e10                HAL_UART_RxCpltCallback
 .text.HAL_UART_RxHalfCpltCallback
                0x08004e20       0x10 ./Drivers/STM32F0xx_HAL_Driver/stm32f0xx_hal_uart.o
                0x08004e20                HAL_UART_RxHalfCpltCallback
 .text.HAL_UART_ErrorCallback
                0x08004e30       0x10 ./Drivers/STM32F0xx_HAL_Driver/stm32f0xx_hal_uart.o
                0x08004e30                HAL_UART_ErrorCallback
 .text.HAL_UARTEx_RxEventCallback
                0x08004e40       0x16 ./Drivers/STM32F0xx_HAL_Driver/stm32f0xx_hal_uart.o
                0x08004e40                HAL_UARTEx_RxEventCallback
 *fill*         0x08004e56        0x2 
 .text.UART_SetConfig
                0x08004e58      0x280 ./Drivers/STM32F0xx_HAL_Driver/stm32f0xx_hal_uart.o
                0x08004e58                UART_SetConfig
 .text.UART_AdvFeatureConfig
                0x080050d8      0x168 ./Drivers/STM32F0xx_HAL_Driver/stm32f0xx_hal_uart.o
                0x080050d8                UART_AdvFeatureConfig
 .text.UART_CheckIdleState
                0x08005240      0x150 ./Drivers/STM32F0xx_HAL_Driver/stm32f0xx_hal_uart.o
                0x08005240                UART_CheckIdleState
 .text.UART_WaitOnFlagUntilTimeout
                0x08005390       0xde ./Drivers/STM32F0xx_HAL_Driver/stm32f0xx_hal_uart.o
                0x08005390                UART_WaitOnFlagUntilTimeout
 *fill*         0x0800546e        0x2 
 .text.UART_Start_Receive_DMA
                0x08005470      0x140 ./Drivers/STM32F0xx_HAL_Driver/stm32f0xx_hal_uart.o
                0x08005470                UART_Start_Receive_DMA
 .text.UART_EndTxTransfer
                0x080055b0       0x48 ./Drivers/STM32F0xx_HAL_Driver/stm32f0xx_hal_uart.o
 .text.UART_EndRxTransfer
                0x080055f8       0xc8 ./Drivers/STM32F0xx_HAL_Driver/stm32f0xx_hal_uart.o
 .text.UART_DMATransmitCplt
                0x080056c0       0x94 ./Drivers/STM32F0xx_HAL_Driver/stm32f0xx_hal_uart.o
 .text.UART_DMATxHalfCplt
                0x08005754       0x1e ./Drivers/STM32F0xx_HAL_Driver/stm32f0xx_hal_uart.o
 *fill*         0x08005772        0x2 
 .text.UART_DMAReceiveCplt
                0x08005774      0x12c ./Drivers/STM32F0xx_HAL_Driver/stm32f0xx_hal_uart.o
 .text.UART_DMARxHalfCplt
                0x080058a0       0x42 ./Drivers/STM32F0xx_HAL_Driver/stm32f0xx_hal_uart.o
 .text.UART_DMAError
                0x080058e2       0x84 ./Drivers/STM32F0xx_HAL_Driver/stm32f0xx_hal_uart.o
 .text.UART_DMAAbortOnError
                0x08005966       0x2e ./Drivers/STM32F0xx_HAL_Driver/stm32f0xx_hal_uart.o
 .text.UART_EndTransmit_IT
                0x08005994       0x56 ./Drivers/STM32F0xx_HAL_Driver/stm32f0xx_hal_uart.o
 *fill*         0x080059ea        0x2 
 .text.HAL_RS485Ex_Init
                0x080059ec       0xe0 ./Drivers/STM32F0xx_HAL_Driver/stm32f0xx_hal_uart_ex.o
                0x080059ec                HAL_RS485Ex_Init
 .text.memset   0x08005acc       0x10 C:/ST/STM32CubeIDE_1.17.0/STM32CubeIDE/plugins/com.st.stm32cube.ide.mcu.externaltools.gnu-tools-for-stm32.12.3.rel1.win32_1.1.0.202410251130/tools/bin/../lib/gcc/arm-none-eabi/12.3.1/../../../../arm-none-eabi/lib/thumb/v6-m/nofp\libc_nano.a(libc_a-memset.o)
                0x08005acc                memset
 .text.__libc_init_array
                0x08005adc       0x48 C:/ST/STM32CubeIDE_1.17.0/STM32CubeIDE/plugins/com.st.stm32cube.ide.mcu.externaltools.gnu-tools-for-stm32.12.3.rel1.win32_1.1.0.202410251130/tools/bin/../lib/gcc/arm-none-eabi/12.3.1/../../../../arm-none-eabi/lib/thumb/v6-m/nofp\libc_nano.a(libc_a-init.o)
                0x08005adc                __libc_init_array
 *(.glue_7)
 .glue_7        0x08005b24        0x0 linker stubs
 *(.glue_7t)
 .glue_7t       0x08005b24        0x0 linker stubs
 *(.eh_frame)
 .eh_frame      0x08005b24        0x0 C:/ST/STM32CubeIDE_1.17.0/STM32CubeIDE/plugins/com.st.stm32cube.ide.mcu.externaltools.gnu-tools-for-stm32.12.3.rel1.win32_1.1.0.202410251130/tools/bin/../lib/gcc/arm-none-eabi/12.3.1/thumb/v6-m/nofp/crtbegin.o
 *(.init)
 .init          0x08005b24        0x4 C:/ST/STM32CubeIDE_1.17.0/STM32CubeIDE/plugins/com.st.stm32cube.ide.mcu.externaltools.gnu-tools-for-stm32.12.3.rel1.win32_1.1.0.202410251130/tools/bin/../lib/gcc/arm-none-eabi/12.3.1/thumb/v6-m/nofp/crti.o
                0x08005b24                _init
 .init          0x08005b28        0x8 C:/ST/STM32CubeIDE_1.17.0/STM32CubeIDE/plugins/com.st.stm32cube.ide.mcu.externaltools.gnu-tools-for-stm32.12.3.rel1.win32_1.1.0.202410251130/tools/bin/../lib/gcc/arm-none-eabi/12.3.1/thumb/v6-m/nofp/crtn.o
 *(.fini)
 .fini          0x08005b30        0x4 C:/ST/STM32CubeIDE_1.17.0/STM32CubeIDE/plugins/com.st.stm32cube.ide.mcu.externaltools.gnu-tools-for-stm32.12.3.rel1.win32_1.1.0.202410251130/tools/bin/../lib/gcc/arm-none-eabi/12.3.1/thumb/v6-m/nofp/crti.o
                0x08005b30                _fini
 .fini          0x08005b34        0x8 C:/ST/STM32CubeIDE_1.17.0/STM32CubeIDE/plugins/com.st.stm32cube.ide.mcu.externaltools.gnu-tools-for-stm32.12.3.rel1.win32_1.1.0.202410251130/tools/bin/../lib/gcc/arm-none-eabi/12.3.1/thumb/v6-m/nofp/crtn.o
                0x08005b3c                        . = ALIGN (0x4)
                0x08005b3c                        _etext = .

.vfp11_veneer   0x08005b3c        0x0
 .vfp11_veneer  0x08005b3c        0x0 linker stubs

.v4_bx          0x08005b3c        0x0
 .v4_bx         0x08005b3c        0x0 linker stubs

.iplt           0x08005b3c        0x0
 .iplt          0x08005b3c        0x0 C:/ST/STM32CubeIDE_1.17.0/STM32CubeIDE/plugins/com.st.stm32cube.ide.mcu.externaltools.gnu-tools-for-stm32.12.3.rel1.win32_1.1.0.202410251130/tools/bin/../lib/gcc/arm-none-eabi/12.3.1/thumb/v6-m/nofp/crtbegin.o

.rodata         0x08005b3c       0x38
                0x08005b3c                        . = ALIGN (0x4)
 *(.rodata)
 *(.rodata*)
 .rodata.AHBPrescTable
                0x08005b3c       0x10 ./Core/Src/system_stm32f0xx.o
                0x08005b3c                AHBPrescTable
 .rodata.APBPrescTable
                0x08005b4c        0x8 ./Core/Src/system_stm32f0xx.o
                0x08005b4c                APBPrescTable
 .rodata.aPLLMULFactorTable.1
                0x08005b54       0x10 ./Drivers/STM32F0xx_HAL_Driver/stm32f0xx_hal_rcc.o
 .rodata.aPredivFactorTable.0
                0x08005b64       0x10 ./Drivers/STM32F0xx_HAL_Driver/stm32f0xx_hal_rcc.o
                0x08005b74                        . = ALIGN (0x4)

.ARM.extab      0x08005b74        0x0
                0x08005b74                        . = ALIGN (0x4)
 *(.ARM.extab* .gnu.linkonce.armextab.*)
                0x08005b74                        . = ALIGN (0x4)

.ARM            0x08005b74        0x0
                0x08005b74                        . = ALIGN (0x4)
                0x08005b74                        __exidx_start = .
 *(.ARM.exidx*)
                0x08005b74                        __exidx_end = .
                0x08005b74                        . = ALIGN (0x4)

.preinit_array  0x08005b74        0x0
                0x08005b74                        . = ALIGN (0x4)
                0x08005b74                        PROVIDE (__preinit_array_start = .)
 *(.preinit_array*)
                0x08005b74                        PROVIDE (__preinit_array_end = .)
                0x08005b74                        . = ALIGN (0x4)

.init_array     0x08005b74        0x4
                0x08005b74                        . = ALIGN (0x4)
                0x08005b74                        PROVIDE (__init_array_start = .)
 *(SORT_BY_NAME(.init_array.*))
 *(.init_array*)
 .init_array    0x08005b74        0x4 C:/ST/STM32CubeIDE_1.17.0/STM32CubeIDE/plugins/com.st.stm32cube.ide.mcu.externaltools.gnu-tools-for-stm32.12.3.rel1.win32_1.1.0.202410251130/tools/bin/../lib/gcc/arm-none-eabi/12.3.1/thumb/v6-m/nofp/crtbegin.o
                0x08005b78                        PROVIDE (__init_array_end = .)
                0x08005b78                        . = ALIGN (0x4)

.fini_array     0x08005b78        0x4
                0x08005b78                        . = ALIGN (0x4)
                [!provide]                        PROVIDE (__fini_array_start = .)
 *(SORT_BY_NAME(.fini_array.*))
 *(.fini_array*)
 .fini_array    0x08005b78        0x4 C:/ST/STM32CubeIDE_1.17.0/STM32CubeIDE/plugins/com.st.stm32cube.ide.mcu.externaltools.gnu-tools-for-stm32.12.3.rel1.win32_1.1.0.202410251130/tools/bin/../lib/gcc/arm-none-eabi/12.3.1/thumb/v6-m/nofp/crtbegin.o
                [!provide]                        PROVIDE (__fini_array_end = .)
                0x08005b7c                        . = ALIGN (0x4)
                0x08005b7c                        _sidata = LOADADDR (.data)

.rel.dyn        0x08005b7c        0x0
 .rel.iplt      0x08005b7c        0x0 C:/ST/STM32CubeIDE_1.17.0/STM32CubeIDE/plugins/com.st.stm32cube.ide.mcu.externaltools.gnu-tools-for-stm32.12.3.rel1.win32_1.1.0.202410251130/tools/bin/../lib/gcc/arm-none-eabi/12.3.1/thumb/v6-m/nofp/crtbegin.o

.data           0x20000000       0x14 load address 0x08005b7c
                0x20000000                        . = ALIGN (0x4)
                0x20000000                        _sdata = .
 *(.data)
 *(.data*)
 .data.g_brightness
                0x20000000        0x1 ./Core/Src/app.o
 *fill*         0x20000001        0x1 
 .data.g_mode   0x20000002        0x2 ./Core/Src/app.o
 .data.mb_addr  0x20000004        0x1 ./Core/Src/modbus.o
 *fill*         0x20000005        0x3 
 .data.SystemCoreClock
                0x20000008        0x4 ./Core/Src/system_stm32f0xx.o
                0x20000008                SystemCoreClock
 .data.uwTickPrio
                0x2000000c        0x4 ./Drivers/STM32F0xx_HAL_Driver/stm32f0xx_hal.o
                0x2000000c                uwTickPrio
 .data.uwTickFreq
                0x20000010        0x1 ./Drivers/STM32F0xx_HAL_Driver/stm32f0xx_hal.o
                0x20000010                uwTickFreq
 *(.RamFunc)
 *(.RamFunc*)
                0x20000014                        . = ALIGN (0x4)
 *fill*         0x20000011        0x3 
                0x20000014                        _edata = .

.igot.plt       0x20000014        0x0 load address 0x08005b90
 .igot.plt      0x20000014        0x0 C:/ST/STM32CubeIDE_1.17.0/STM32CubeIDE/plugins/com.st.stm32cube.ide.mcu.externaltools.gnu-tools-for-stm32.12.3.rel1.win32_1.1.0.202410251130/tools/bin/../lib/gcc/arm-none-eabi/12.3.1/thumb/v6-m/nofp/crtbegin.o
                0x20000014                        . = ALIGN (0x4)

.bss            0x20000014      0x460 load address 0x08005b90
                0x20000014                        _sbss = .
                0x20000014                        __bss_start__ = _sbss
 *(.bss)
 .bss           0x20000014       0x1c C:/ST/STM32CubeIDE_1.17.0/STM32CubeIDE/plugins/com.st.stm32cube.ide.mcu.externaltools.gnu-tools-for-stm32.12.3.rel1.win32_1.1.0.202410251130/tools/bin/../lib/gcc/arm-none-eabi/12.3.1/thumb/v6-m/nofp/crtbegin.o
 *(.bss*)
 .bss.hadc      0x20000030       0x40 ./Core/Src/adc.o
                0x20000030                hadc
 .bss.hdma_adc  0x20000070       0x44 ./Core/Src/adc.o
                0x20000070                hdma_adc
 .bss.phase     0x200000b4        0x1 ./Core/Src/app.o
 *fill*         0x200000b5        0x3 
 .bss.last_toggle
                0x200000b8        0x4 ./Core/Src/app.o
 .bss.reg_input
                0x200000bc        0xa ./Core/Src/modbus.o
 *fill*         0x200000c6        0x2 
 .bss.reg_holding
                0x200000c8        0x4 ./Core/Src/modbus.o
 .bss.rxbuf     0x200000cc      0x100 ./Core/Src/modbus.o
 .bss.txbuf     0x200001cc       0xff ./Core/Src/modbus.o
 *fill*         0x200002cb        0x1 
 .bss.adc_dma   0x200002cc        0x4 ./Core/Src/sensors.o
 .bss.htim16    0x200002d0       0x48 ./Core/Src/tim.o
                0x200002d0                htim16
 .bss.htim17    0x20000318       0x48 ./Core/Src/tim.o
                0x20000318                htim17
 .bss.huart1    0x20000360       0x88 ./Core/Src/usart.o
                0x20000360                huart1
 .bss.hdma_usart1_rx
                0x200003e8       0x44 ./Core/Src/usart.o
                0x200003e8                hdma_usart1_rx
 .bss.hdma_usart1_tx
                0x2000042c       0x44 ./Core/Src/usart.o
                0x2000042c                hdma_usart1_tx
 .bss.uwTick    0x20000470        0x4 ./Drivers/STM32F0xx_HAL_Driver/stm32f0xx_hal.o
                0x20000470                uwTick
 *(COMMON)
                0x20000474                        . = ALIGN (0x4)
                0x20000474                        _ebss = .
                0x20000474                        __bss_end__ = _ebss

._user_heap_stack
                0x20000474      0x604 load address 0x08005b90
                0x20000478                        . = ALIGN (0x8)
 *fill*         0x20000474        0x4 
                [!provide]                        PROVIDE (end = .)
                0x20000478                        PROVIDE (_end = .)
                0x20000678                        . = (. + _Min_Heap_Size)
 *fill*         0x20000478      0x200 
                0x20000a78                        . = (. + _Min_Stack_Size)
 *fill*         0x20000678      0x400 
                0x20000a78                        . = ALIGN (0x8)

.ARM.attributes
                0x00000000       0x28
 *(.ARM.attributes)
 .ARM.attributes
                0x00000000       0x1e C:/ST/STM32CubeIDE_1.17.0/STM32CubeIDE/plugins/com.st.stm32cube.ide.mcu.externaltools.gnu-tools-for-stm32.12.3.rel1.win32_1.1.0.202410251130/tools/bin/../lib/gcc/arm-none-eabi/12.3.1/thumb/v6-m/nofp/crti.o
 .ARM.attributes
                0x0000001e       0x2c C:/ST/STM32CubeIDE_1.17.0/STM32CubeIDE/plugins/com.st.stm32cube.ide.mcu.externaltools.gnu-tools-for-stm32.12.3.rel1.win32_1.1.0.202410251130/tools/bin/../lib/gcc/arm-none-eabi/12.3.1/thumb/v6-m/nofp/crtbegin.o
 .ARM.attributes
                0x0000004a       0x2c ./Core/Src/adc.o
 .ARM.attributes
                0x00000076       0x2c ./Core/Src/app.o
 .ARM.attributes
                0x000000a2       0x2c ./Core/Src/dma.o
 .ARM.attributes
                0x000000ce       0x2c ./Core/Src/gpio.o
 .ARM.attributes
                0x000000fa       0x2c ./Core/Src/main.o
 .ARM.attributes
                0x00000126       0x2c ./Core/Src/modbus.o
 .ARM.attributes
                0x00000152       0x2c ./Core/Src/power_on_blink.o
 .ARM.attributes
                0x0000017e       0x2c ./Core/Src/pwm.o
 .ARM.attributes
                0x000001aa       0x2c ./Core/Src/sensors.o
 .ARM.attributes
                0x000001d6       0x2c ./Core/Src/stm32f0xx_hal_msp.o
 .ARM.attributes
                0x00000202       0x2c ./Core/Src/stm32f0xx_it.o
 .ARM.attributes
                0x0000022e       0x2c ./Core/Src/system_stm32f0xx.o
 .ARM.attributes
                0x0000025a       0x2c ./Core/Src/tim.o
 .ARM.attributes
                0x00000286       0x2c ./Core/Src/usart.o
 .ARM.attributes
                0x000002b2       0x21 ./Core/Startup/startup_stm32f030c8tx.o
 .ARM.attributes
                0x000002d3       0x2c ./Drivers/STM32F0xx_HAL_Driver/stm32f0xx_hal.o
 .ARM.attributes
                0x000002ff       0x2c ./Drivers/STM32F0xx_HAL_Driver/stm32f0xx_hal_adc.o
 .ARM.attributes
                0x0000032b       0x2c ./Drivers/STM32F0xx_HAL_Driver/stm32f0xx_hal_adc_ex.o
 .ARM.attributes
                0x00000357       0x2c ./Drivers/STM32F0xx_HAL_Driver/stm32f0xx_hal_cortex.o
 .ARM.attributes
                0x00000383       0x2c ./Drivers/STM32F0xx_HAL_Driver/stm32f0xx_hal_dma.o
 .ARM.attributes
                0x000003af       0x2c ./Drivers/STM32F0xx_HAL_Driver/stm32f0xx_hal_gpio.o
 .ARM.attributes
                0x000003db       0x2c ./Drivers/STM32F0xx_HAL_Driver/stm32f0xx_hal_rcc.o
 .ARM.attributes
                0x00000407       0x2c ./Drivers/STM32F0xx_HAL_Driver/stm32f0xx_hal_rcc_ex.o
 .ARM.attributes
                0x00000433       0x2c ./Drivers/STM32F0xx_HAL_Driver/stm32f0xx_hal_tim.o
 .ARM.attributes
                0x0000045f       0x2c ./Drivers/STM32F0xx_HAL_Driver/stm32f0xx_hal_tim_ex.o
 .ARM.attributes
                0x0000048b       0x2c ./Drivers/STM32F0xx_HAL_Driver/stm32f0xx_hal_uart.o
 .ARM.attributes
                0x000004b7       0x2c ./Drivers/STM32F0xx_HAL_Driver/stm32f0xx_hal_uart_ex.o
 .ARM.attributes
                0x000004e3       0x2c C:/ST/STM32CubeIDE_1.17.0/STM32CubeIDE/plugins/com.st.stm32cube.ide.mcu.externaltools.gnu-tools-for-stm32.12.3.rel1.win32_1.1.0.202410251130/tools/bin/../lib/gcc/arm-none-eabi/12.3.1/../../../../arm-none-eabi/lib/thumb/v6-m/nofp\libc_nano.a(libc_a-memset.o)
 .ARM.attributes
                0x0000050f       0x2c C:/ST/STM32CubeIDE_1.17.0/STM32CubeIDE/plugins/com.st.stm32cube.ide.mcu.externaltools.gnu-tools-for-stm32.12.3.rel1.win32_1.1.0.202410251130/tools/bin/../lib/gcc/arm-none-eabi/12.3.1/../../../../arm-none-eabi/lib/thumb/v6-m/nofp\libc_nano.a(libc_a-init.o)
 .ARM.attributes
                0x0000053b       0x1e C:/ST/STM32CubeIDE_1.17.0/STM32CubeIDE/plugins/com.st.stm32cube.ide.mcu.externaltools.gnu-tools-for-stm32.12.3.rel1.win32_1.1.0.202410251130/tools/bin/../lib/gcc/arm-none-eabi/12.3.1/thumb/v6-m/nofp\libgcc.a(_udivsi3.o)
 .ARM.attributes
                0x00000559       0x1e C:/ST/STM32CubeIDE_1.17.0/STM32CubeIDE/plugins/com.st.stm32cube.ide.mcu.externaltools.gnu-tools-for-stm32.12.3.rel1.win32_1.1.0.202410251130/tools/bin/../lib/gcc/arm-none-eabi/12.3.1/thumb/v6-m/nofp\libgcc.a(_dvmd_tls.o)
 .ARM.attributes
                0x00000577       0x1e C:/ST/STM32CubeIDE_1.17.0/STM32CubeIDE/plugins/com.st.stm32cube.ide.mcu.externaltools.gnu-tools-for-stm32.12.3.rel1.win32_1.1.0.202410251130/tools/bin/../lib/gcc/arm-none-eabi/12.3.1/thumb/v6-m/nofp/crtn.o
OUTPUT(lanternFirmwareCMS.elf elf32-littlearm)
LOAD linker stubs

.debug_info     0x00000000    0x11057
 .debug_info    0x00000000      0x9bd ./Core/Src/adc.o
 .debug_info    0x000009bd      0x1e1 ./Core/Src/app.o
 .debug_info    0x00000b9e      0x279 ./Core/Src/dma.o
 .debug_info    0x00000e17      0x35d ./Core/Src/gpio.o
 .debug_info    0x00001174      0x357 ./Core/Src/main.o
 .debug_info    0x000014cb      0xaaf ./Core/Src/modbus.o
 .debug_info    0x00001f7a      0x1c9 ./Core/Src/power_on_blink.o
 .debug_info    0x00002143      0x710 ./Core/Src/pwm.o
 .debug_info    0x00002853      0x616 ./Core/Src/sensors.o
 .debug_info    0x00002e69      0x199 ./Core/Src/stm32f0xx_hal_msp.o
 .debug_info    0x00003002      0xd03 ./Core/Src/stm32f0xx_it.o
 .debug_info    0x00003d05      0x242 ./Core/Src/system_stm32f0xx.o
 .debug_info    0x00003f47      0xc5a ./Core/Src/tim.o
 .debug_info    0x00004ba1      0xb15 ./Core/Src/usart.o
 .debug_info    0x000056b6       0x30 ./Core/Startup/startup_stm32f030c8tx.o
 .debug_info    0x000056e6      0x670 ./Drivers/STM32F0xx_HAL_Driver/stm32f0xx_hal.o
 .debug_info    0x00005d56      0xc70 ./Drivers/STM32F0xx_HAL_Driver/stm32f0xx_hal_adc.o
 .debug_info    0x000069c6      0x577 ./Drivers/STM32F0xx_HAL_Driver/stm32f0xx_hal_adc_ex.o
 .debug_info    0x00006f3d      0x69b ./Drivers/STM32F0xx_HAL_Driver/stm32f0xx_hal_cortex.o
 .debug_info    0x000075d8      0x700 ./Drivers/STM32F0xx_HAL_Driver/stm32f0xx_hal_dma.o
 .debug_info    0x00007cd8      0x5c3 ./Drivers/STM32F0xx_HAL_Driver/stm32f0xx_hal_gpio.o
 .debug_info    0x0000829b      0x844 ./Drivers/STM32F0xx_HAL_Driver/stm32f0xx_hal_rcc.o
 .debug_info    0x00008adf      0x35d ./Drivers/STM32F0xx_HAL_Driver/stm32f0xx_hal_rcc_ex.o
 .debug_info    0x00008e3c     0x2946 ./Drivers/STM32F0xx_HAL_Driver/stm32f0xx_hal_tim.o
 .debug_info    0x0000b782     0x1488 ./Drivers/STM32F0xx_HAL_Driver/stm32f0xx_hal_tim_ex.o
 .debug_info    0x0000cc0a     0x3a2a ./Drivers/STM32F0xx_HAL_Driver/stm32f0xx_hal_uart.o
 .debug_info    0x00010634      0xa23 ./Drivers/STM32F0xx_HAL_Driver/stm32f0xx_hal_uart_ex.o

.debug_abbrev   0x00000000     0x30ca
 .debug_abbrev  0x00000000      0x21f ./Core/Src/adc.o
 .debug_abbrev  0x0000021f      0x11a ./Core/Src/app.o
 .debug_abbrev  0x00000339       0xfc ./Core/Src/dma.o
 .debug_abbrev  0x00000435      0x14d ./Core/Src/gpio.o
 .debug_abbrev  0x00000582      0x192 ./Core/Src/main.o
 .debug_abbrev  0x00000714      0x266 ./Core/Src/modbus.o
 .debug_abbrev  0x0000097a      0x10b ./Core/Src/power_on_blink.o
 .debug_abbrev  0x00000a85      0x1fd ./Core/Src/pwm.o
 .debug_abbrev  0x00000c82      0x19c ./Core/Src/sensors.o
 .debug_abbrev  0x00000e1e       0xc6 ./Core/Src/stm32f0xx_hal_msp.o
 .debug_abbrev  0x00000ee4      0x1c9 ./Core/Src/stm32f0xx_it.o
 .debug_abbrev  0x000010ad      0x11c ./Core/Src/system_stm32f0xx.o
 .debug_abbrev  0x000011c9      0x270 ./Core/Src/tim.o
 .debug_abbrev  0x00001439      0x231 ./Core/Src/usart.o
 .debug_abbrev  0x0000166a       0x24 ./Core/Startup/startup_stm32f030c8tx.o
 .debug_abbrev  0x0000168e      0x24b ./Drivers/STM32F0xx_HAL_Driver/stm32f0xx_hal.o
 .debug_abbrev  0x000018d9      0x210 ./Drivers/STM32F0xx_HAL_Driver/stm32f0xx_hal_adc.o
 .debug_abbrev  0x00001ae9      0x138 ./Drivers/STM32F0xx_HAL_Driver/stm32f0xx_hal_adc_ex.o
 .debug_abbrev  0x00001c21      0x28c ./Drivers/STM32F0xx_HAL_Driver/stm32f0xx_hal_cortex.o
 .debug_abbrev  0x00001ead      0x1ef ./Drivers/STM32F0xx_HAL_Driver/stm32f0xx_hal_dma.o
 .debug_abbrev  0x0000209c      0x1c8 ./Drivers/STM32F0xx_HAL_Driver/stm32f0xx_hal_gpio.o
 .debug_abbrev  0x00002264      0x28b ./Drivers/STM32F0xx_HAL_Driver/stm32f0xx_hal_rcc.o
 .debug_abbrev  0x000024ef      0x16f ./Drivers/STM32F0xx_HAL_Driver/stm32f0xx_hal_rcc_ex.o
 .debug_abbrev  0x0000265e      0x28c ./Drivers/STM32F0xx_HAL_Driver/stm32f0xx_hal_tim.o
 .debug_abbrev  0x000028ea      0x297 ./Drivers/STM32F0xx_HAL_Driver/stm32f0xx_hal_tim_ex.o
 .debug_abbrev  0x00002b81      0x2cc ./Drivers/STM32F0xx_HAL_Driver/stm32f0xx_hal_uart.o
 .debug_abbrev  0x00002e4d      0x27d ./Drivers/STM32F0xx_HAL_Driver/stm32f0xx_hal_uart_ex.o

.debug_aranges  0x00000000      0xf00
 .debug_aranges
                0x00000000       0x30 ./Core/Src/adc.o
 .debug_aranges
                0x00000030       0x40 ./Core/Src/app.o
 .debug_aranges
                0x00000070       0x20 ./Core/Src/dma.o
 .debug_aranges
                0x00000090       0x20 ./Core/Src/gpio.o
 .debug_aranges
                0x000000b0       0x30 ./Core/Src/main.o
 .debug_aranges
                0x000000e0       0x50 ./Core/Src/modbus.o
 .debug_aranges
                0x00000130       0x30 ./Core/Src/power_on_blink.o
 .debug_aranges
                0x00000160       0x38 ./Core/Src/pwm.o
 .debug_aranges
                0x00000198       0x30 ./Core/Src/sensors.o
 .debug_aranges
                0x000001c8       0x20 ./Core/Src/stm32f0xx_hal_msp.o
 .debug_aranges
                0x000001e8       0x80 ./Core/Src/stm32f0xx_it.o
 .debug_aranges
                0x00000268       0x28 ./Core/Src/system_stm32f0xx.o
 .debug_aranges
                0x00000290       0x48 ./Core/Src/tim.o
 .debug_aranges
                0x000002d8       0x30 ./Core/Src/usart.o
 .debug_aranges
                0x00000308       0x28 ./Core/Startup/startup_stm32f030c8tx.o
 .debug_aranges
                0x00000330       0xd0 ./Drivers/STM32F0xx_HAL_Driver/stm32f0xx_hal.o
 .debug_aranges
                0x00000400       0xf8 ./Drivers/STM32F0xx_HAL_Driver/stm32f0xx_hal_adc.o
 .debug_aranges
                0x000004f8       0x20 ./Drivers/STM32F0xx_HAL_Driver/stm32f0xx_hal_adc_ex.o
 .debug_aranges
                0x00000518       0xc0 ./Drivers/STM32F0xx_HAL_Driver/stm32f0xx_hal_cortex.o
 .debug_aranges
                0x000005d8       0x88 ./Drivers/STM32F0xx_HAL_Driver/stm32f0xx_hal_dma.o
 .debug_aranges
                0x00000660       0x58 ./Drivers/STM32F0xx_HAL_Driver/stm32f0xx_hal_gpio.o
 .debug_aranges
                0x000006b8       0x80 ./Drivers/STM32F0xx_HAL_Driver/stm32f0xx_hal_rcc.o
 .debug_aranges
                0x00000738       0x30 ./Drivers/STM32F0xx_HAL_Driver/stm32f0xx_hal_rcc_ex.o
 .debug_aranges
                0x00000768      0x3d0 ./Drivers/STM32F0xx_HAL_Driver/stm32f0xx_hal_tim.o
 .debug_aranges
                0x00000b38      0x168 ./Drivers/STM32F0xx_HAL_Driver/stm32f0xx_hal_tim_ex.o
 .debug_aranges
                0x00000ca0      0x218 ./Drivers/STM32F0xx_HAL_Driver/stm32f0xx_hal_uart.o
 .debug_aranges
                0x00000eb8       0x48 ./Drivers/STM32F0xx_HAL_Driver/stm32f0xx_hal_uart_ex.o

.debug_rnglists
                0x00000000      0xbbe
 .debug_rnglists
                0x00000000       0x21 ./Core/Src/adc.o
 .debug_rnglists
                0x00000021       0x2c ./Core/Src/app.o
 .debug_rnglists
                0x0000004d       0x13 ./Core/Src/dma.o
 .debug_rnglists
                0x00000060       0x14 ./Core/Src/gpio.o
 .debug_rnglists
                0x00000074       0x20 ./Core/Src/main.o
 .debug_rnglists
                0x00000094       0x63 ./Core/Src/modbus.o
 .debug_rnglists
                0x000000f7       0x20 ./Core/Src/power_on_blink.o
 .debug_rnglists
                0x00000117       0x25 ./Core/Src/pwm.o
 .debug_rnglists
                0x0000013c       0x1f ./Core/Src/sensors.o
 .debug_rnglists
                0x0000015b       0x13 ./Core/Src/stm32f0xx_hal_msp.o
 .debug_rnglists
                0x0000016e       0x5b ./Core/Src/stm32f0xx_it.o
 .debug_rnglists
                0x000001c9       0x1a ./Core/Src/system_stm32f0xx.o
 .debug_rnglists
                0x000001e3       0x36 ./Core/Src/tim.o
 .debug_rnglists
                0x00000219       0x20 ./Core/Src/usart.o
 .debug_rnglists
                0x00000239       0x19 ./Core/Startup/startup_stm32f030c8tx.o
 .debug_rnglists
                0x00000252       0x97 ./Drivers/STM32F0xx_HAL_Driver/stm32f0xx_hal.o
 .debug_rnglists
                0x000002e9       0xc6 ./Drivers/STM32F0xx_HAL_Driver/stm32f0xx_hal_adc.o
 .debug_rnglists
                0x000003af       0x14 ./Drivers/STM32F0xx_HAL_Driver/stm32f0xx_hal_adc_ex.o
 .debug_rnglists
                0x000003c3       0x8c ./Drivers/STM32F0xx_HAL_Driver/stm32f0xx_hal_cortex.o
 .debug_rnglists
                0x0000044f       0x6a ./Drivers/STM32F0xx_HAL_Driver/stm32f0xx_hal_dma.o
 .debug_rnglists
                0x000004b9       0x3f ./Drivers/STM32F0xx_HAL_Driver/stm32f0xx_hal_gpio.o
 .debug_rnglists
                0x000004f8       0x60 ./Drivers/STM32F0xx_HAL_Driver/stm32f0xx_hal_rcc.o
 .debug_rnglists
                0x00000558       0x21 ./Drivers/STM32F0xx_HAL_Driver/stm32f0xx_hal_rcc_ex.o
 .debug_rnglists
                0x00000579      0x31c ./Drivers/STM32F0xx_HAL_Driver/stm32f0xx_hal_tim.o
 .debug_rnglists
                0x00000895      0x126 ./Drivers/STM32F0xx_HAL_Driver/stm32f0xx_hal_tim_ex.o
 .debug_rnglists
                0x000009bb      0x1ce ./Drivers/STM32F0xx_HAL_Driver/stm32f0xx_hal_uart.o
 .debug_rnglists
                0x00000b89       0x35 ./Drivers/STM32F0xx_HAL_Driver/stm32f0xx_hal_uart_ex.o

.debug_macro    0x00000000    0x125b3
 .debug_macro   0x00000000      0x20c ./Core/Src/adc.o
 .debug_macro   0x0000020c      0xa8a ./Core/Src/adc.o
 .debug_macro   0x00000c96      0x145 ./Core/Src/adc.o
 .debug_macro   0x00000ddb       0x2e ./Core/Src/adc.o
 .debug_macro   0x00000e09       0x22 ./Core/Src/adc.o
 .debug_macro   0x00000e2b       0x22 ./Core/Src/adc.o
 .debug_macro   0x00000e4d       0x8e ./Core/Src/adc.o
 .debug_macro   0x00000edb       0x51 ./Core/Src/adc.o
 .debug_macro   0x00000f2c      0x103 ./Core/Src/adc.o
 .debug_macro   0x0000102f       0x6a ./Core/Src/adc.o
 .debug_macro   0x00001099      0x1df ./Core/Src/adc.o
 .debug_macro   0x00001278       0x1c ./Core/Src/adc.o
 .debug_macro   0x00001294       0x22 ./Core/Src/adc.o
 .debug_macro   0x000012b6       0xaf ./Core/Src/adc.o
 .debug_macro   0x00001365      0x391 ./Core/Src/adc.o
 .debug_macro   0x000016f6     0x6f47 ./Core/Src/adc.o
 .debug_macro   0x0000863d       0x66 ./Core/Src/adc.o
 .debug_macro   0x000086a3     0x34da ./Core/Src/adc.o
 .debug_macro   0x0000bb7d      0x189 ./Core/Src/adc.o
 .debug_macro   0x0000bd06       0x55 ./Core/Src/adc.o
 .debug_macro   0x0000bd5b      0x924 ./Core/Src/adc.o
 .debug_macro   0x0000c67f      0x17f ./Core/Src/adc.o
 .debug_macro   0x0000c7fe      0x1ae ./Core/Src/adc.o
 .debug_macro   0x0000c9ac       0xd8 ./Core/Src/adc.o
 .debug_macro   0x0000ca84      0x1a0 ./Core/Src/adc.o
 .debug_macro   0x0000cc24      0x1ed ./Core/Src/adc.o
 .debug_macro   0x0000ce11       0x34 ./Core/Src/adc.o
 .debug_macro   0x0000ce45       0x43 ./Core/Src/adc.o
 .debug_macro   0x0000ce88       0x28 ./Core/Src/adc.o
 .debug_macro   0x0000ceb0      0x33d ./Core/Src/adc.o
 .debug_macro   0x0000d1ed       0xc2 ./Core/Src/adc.o
 .debug_macro   0x0000d2af       0x6c ./Core/Src/adc.o
 .debug_macro   0x0000d31b       0x4c ./Core/Src/adc.o
 .debug_macro   0x0000d367       0xb0 ./Core/Src/adc.o
 .debug_macro   0x0000d417      0x199 ./Core/Src/adc.o
 .debug_macro   0x0000d5b0      0x22c ./Core/Src/adc.o
 .debug_macro   0x0000d7dc       0x61 ./Core/Src/adc.o
 .debug_macro   0x0000d83d       0xa5 ./Core/Src/adc.o
 .debug_macro   0x0000d8e2       0x85 ./Core/Src/adc.o
 .debug_macro   0x0000d967       0x4c ./Core/Src/adc.o
 .debug_macro   0x0000d9b3       0x2b ./Core/Src/adc.o
 .debug_macro   0x0000d9de      0x8f4 ./Core/Src/adc.o
 .debug_macro   0x0000e2d2       0x28 ./Core/Src/adc.o
 .debug_macro   0x0000e2fa      0x56d ./Core/Src/adc.o
 .debug_macro   0x0000e867       0x3e ./Core/Src/adc.o
 .debug_macro   0x0000e8a5       0xff ./Core/Src/adc.o
 .debug_macro   0x0000e9a4       0x40 ./Core/Src/adc.o
 .debug_macro   0x0000e9e4      0x218 ./Core/Src/app.o
 .debug_macro   0x0000ebfc      0x20c ./Core/Src/dma.o
 .debug_macro   0x0000ee08      0x20c ./Core/Src/gpio.o
 .debug_macro   0x0000f014      0x276 ./Core/Src/main.o
 .debug_macro   0x0000f28a      0x2e0 ./Core/Src/modbus.o
 .debug_macro   0x0000f56a       0x61 ./Core/Src/modbus.o
 .debug_macro   0x0000f5cb       0x24 ./Core/Src/modbus.o
 .debug_macro   0x0000f5ef       0x43 ./Core/Src/modbus.o
 .debug_macro   0x0000f632       0x34 ./Core/Src/modbus.o
 .debug_macro   0x0000f666       0x16 ./Core/Src/modbus.o
 .debug_macro   0x0000f67c       0x43 ./Core/Src/modbus.o
 .debug_macro   0x0000f6bf       0x34 ./Core/Src/modbus.o
 .debug_macro   0x0000f6f3       0x10 ./Core/Src/modbus.o
 .debug_macro   0x0000f703       0x58 ./Core/Src/modbus.o
 .debug_macro   0x0000f75b       0x8e ./Core/Src/modbus.o
 .debug_macro   0x0000f7e9       0x1c ./Core/Src/modbus.o
 .debug_macro   0x0000f805      0x177 ./Core/Src/modbus.o
 .debug_macro   0x0000f97c      0x369 ./Core/Src/modbus.o
 .debug_macro   0x0000fce5       0x10 ./Core/Src/modbus.o
 .debug_macro   0x0000fcf5       0x35 ./Core/Src/modbus.o
 .debug_macro   0x0000fd2a       0x20 ./Core/Src/modbus.o
 .debug_macro   0x0000fd4a      0x1fb ./Core/Src/power_on_blink.o
 .debug_macro   0x0000ff45      0x210 ./Core/Src/pwm.o
 .debug_macro   0x00010155      0x23e ./Core/Src/sensors.o
 .debug_macro   0x00010393      0x202 ./Core/Src/stm32f0xx_hal_msp.o
 .debug_macro   0x00010595      0x224 ./Core/Src/stm32f0xx_it.o
 .debug_macro   0x000107b9      0x1f3 ./Core/Src/system_stm32f0xx.o
 .debug_macro   0x000109ac      0x20c ./Core/Src/tim.o
 .debug_macro   0x00010bb8      0x20c ./Core/Src/usart.o
 .debug_macro   0x00010dc4      0x217 ./Drivers/STM32F0xx_HAL_Driver/stm32f0xx_hal.o
 .debug_macro   0x00010fdb      0x217 ./Drivers/STM32F0xx_HAL_Driver/stm32f0xx_hal_adc.o
 .debug_macro   0x000111f2      0x1ff ./Drivers/STM32F0xx_HAL_Driver/stm32f0xx_hal_adc_ex.o
 .debug_macro   0x000113f1      0x1f3 ./Drivers/STM32F0xx_HAL_Driver/stm32f0xx_hal_cortex.o
 .debug_macro   0x000115e4      0x1f3 ./Drivers/STM32F0xx_HAL_Driver/stm32f0xx_hal_dma.o
 .debug_macro   0x000117d7      0x1fa ./Drivers/STM32F0xx_HAL_Driver/stm32f0xx_hal_gpio.o
 .debug_macro   0x000119d1      0x205 ./Drivers/STM32F0xx_HAL_Driver/stm32f0xx_hal_rcc.o
 .debug_macro   0x00011bd6      0x1f3 ./Drivers/STM32F0xx_HAL_Driver/stm32f0xx_hal_rcc_ex.o
 .debug_macro   0x00011dc9      0x1f4 ./Drivers/STM32F0xx_HAL_Driver/stm32f0xx_hal_tim.o
 .debug_macro   0x00011fbd      0x1f3 ./Drivers/STM32F0xx_HAL_Driver/stm32f0xx_hal_tim_ex.o
 .debug_macro   0x000121b0      0x210 ./Drivers/STM32F0xx_HAL_Driver/stm32f0xx_hal_uart.o
 .debug_macro   0x000123c0      0x1f3 ./Drivers/STM32F0xx_HAL_Driver/stm32f0xx_hal_uart_ex.o

.debug_line     0x00000000    0x1807c
 .debug_line    0x00000000      0x966 ./Core/Src/adc.o
 .debug_line    0x00000966      0xa3e ./Core/Src/app.o
 .debug_line    0x000013a4      0x8be ./Core/Src/dma.o
 .debug_line    0x00001c62      0x905 ./Core/Src/gpio.o
 .debug_line    0x00002567      0x9da ./Core/Src/main.o
 .debug_line    0x00002f41      0xd6e ./Core/Src/modbus.o
 .debug_line    0x00003caf      0x93f ./Core/Src/power_on_blink.o
 .debug_line    0x000045ee      0x928 ./Core/Src/pwm.o
 .debug_line    0x00004f16      0x91a ./Core/Src/sensors.o
 .debug_line    0x00005830      0x8c0 ./Core/Src/stm32f0xx_hal_msp.o
 .debug_line    0x000060f0      0x9f8 ./Core/Src/stm32f0xx_it.o
 .debug_line    0x00006ae8      0x930 ./Core/Src/system_stm32f0xx.o
 .debug_line    0x00007418      0xa9e ./Core/Src/tim.o
 .debug_line    0x00007eb6      0x991 ./Core/Src/usart.o
 .debug_line    0x00008847       0x7b ./Core/Startup/startup_stm32f030c8tx.o
 .debug_line    0x000088c2      0xb74 ./Drivers/STM32F0xx_HAL_Driver/stm32f0xx_hal.o
 .debug_line    0x00009436     0x13a6 ./Drivers/STM32F0xx_HAL_Driver/stm32f0xx_hal_adc.o
 .debug_line    0x0000a7dc      0x98a ./Drivers/STM32F0xx_HAL_Driver/stm32f0xx_hal_adc_ex.o
 .debug_line    0x0000b166      0xc20 ./Drivers/STM32F0xx_HAL_Driver/stm32f0xx_hal_cortex.o
 .debug_line    0x0000bd86      0xe98 ./Drivers/STM32F0xx_HAL_Driver/stm32f0xx_hal_dma.o
 .debug_line    0x0000cc1e      0xd0d ./Drivers/STM32F0xx_HAL_Driver/stm32f0xx_hal_gpio.o
 .debug_line    0x0000d92b      0xf59 ./Drivers/STM32F0xx_HAL_Driver/stm32f0xx_hal_rcc.o
 .debug_line    0x0000e884      0xad0 ./Drivers/STM32F0xx_HAL_Driver/stm32f0xx_hal_rcc_ex.o
 .debug_line    0x0000f354     0x38fe ./Drivers/STM32F0xx_HAL_Driver/stm32f0xx_hal_tim.o
 .debug_line    0x00012c52     0x1adf ./Drivers/STM32F0xx_HAL_Driver/stm32f0xx_hal_tim_ex.o
 .debug_line    0x00014731     0x2d63 ./Drivers/STM32F0xx_HAL_Driver/stm32f0xx_hal_uart.o
 .debug_line    0x00017494      0xbe8 ./Drivers/STM32F0xx_HAL_Driver/stm32f0xx_hal_uart_ex.o

.debug_str      0x00000000    0x68b2b
 .debug_str     0x00000000    0x61e79 ./Core/Src/adc.o
                              0x621c5 (size before relaxing)
 .debug_str     0x00061e79       0xd6 ./Core/Src/app.o
                              0x61b85 (size before relaxing)
 .debug_str     0x00061f4f       0x29 ./Core/Src/dma.o
                              0x61cbe (size before relaxing)
 .debug_str     0x00061f78       0x68 ./Core/Src/gpio.o
                              0x61bd6 (size before relaxing)
 .debug_str     0x00061fe0      0x2bc ./Core/Src/main.o
                              0x61e05 (size before relaxing)
 .debug_str     0x0006229c     0x343f ./Core/Src/modbus.o
                              0x651b7 (size before relaxing)
 .debug_str     0x000656db       0x6d ./Core/Src/power_on_blink.o
                              0x61a8a (size before relaxing)
 .debug_str     0x00065748      0x2ce ./Core/Src/pwm.o
                              0x62008 (size before relaxing)
 .debug_str     0x00065a16       0x9b ./Core/Src/sensors.o
                              0x61f33 (size before relaxing)
 .debug_str     0x00065ab1       0x2c ./Core/Src/stm32f0xx_hal_msp.o
                              0x61b0b (size before relaxing)
 .debug_str     0x00065add      0x122 ./Core/Src/stm32f0xx_it.o
                              0x62507 (size before relaxing)
 .debug_str     0x00065bff       0x8b ./Core/Src/system_stm32f0xx.o
                              0x61a9e (size before relaxing)
 .debug_str     0x00065c8a      0x1d4 ./Core/Src/tim.o
                              0x62451 (size before relaxing)
 .debug_str     0x00065e5e       0x6a ./Core/Src/usart.o
                              0x6228a (size before relaxing)
 .debug_str     0x00065ec8       0x44 ./Core/Startup/startup_stm32f030c8tx.o
                                 0x9f (size before relaxing)
 .debug_str     0x00065f0c      0x3a7 ./Drivers/STM32F0xx_HAL_Driver/stm32f0xx_hal.o
                              0x6206b (size before relaxing)
 .debug_str     0x000662b3      0x395 ./Drivers/STM32F0xx_HAL_Driver/stm32f0xx_hal_adc.o
                              0x621e4 (size before relaxing)
 .debug_str     0x00066648       0xc5 ./Drivers/STM32F0xx_HAL_Driver/stm32f0xx_hal_adc_ex.o
                              0x61e5e (size before relaxing)
 .debug_str     0x0006670d      0x1bc ./Drivers/STM32F0xx_HAL_Driver/stm32f0xx_hal_cortex.o
                              0x61e5c (size before relaxing)
 .debug_str     0x000668c9      0x233 ./Drivers/STM32F0xx_HAL_Driver/stm32f0xx_hal_dma.o
                              0x61e7d (size before relaxing)
 .debug_str     0x00066afc      0x130 ./Drivers/STM32F0xx_HAL_Driver/stm32f0xx_hal_gpio.o
                              0x61c78 (size before relaxing)
 .debug_str     0x00066c2c      0x253 ./Drivers/STM32F0xx_HAL_Driver/stm32f0xx_hal_rcc.o
                              0x61f13 (size before relaxing)
 .debug_str     0x00066e7f       0xd0 ./Drivers/STM32F0xx_HAL_Driver/stm32f0xx_hal_rcc_ex.o
                              0x61c20 (size before relaxing)
 .debug_str     0x00066f4f      0xdd8 ./Drivers/STM32F0xx_HAL_Driver/stm32f0xx_hal_tim.o
                              0x62eed (size before relaxing)
 .debug_str     0x00067d27      0x48a ./Drivers/STM32F0xx_HAL_Driver/stm32f0xx_hal_tim_ex.o
                              0x626f9 (size before relaxing)
 .debug_str     0x000681b1      0x840 ./Drivers/STM32F0xx_HAL_Driver/stm32f0xx_hal_uart.o
                              0x627f0 (size before relaxing)
 .debug_str     0x000689f1      0x13a ./Drivers/STM32F0xx_HAL_Driver/stm32f0xx_hal_uart_ex.o
                              0x62077 (size before relaxing)

.comment        0x00000000       0x43
 .comment       0x00000000       0x43 ./Core/Src/adc.o
                                 0x44 (size before relaxing)
 .comment       0x00000043       0x44 ./Core/Src/app.o
 .comment       0x00000043       0x44 ./Core/Src/dma.o
 .comment       0x00000043       0x44 ./Core/Src/gpio.o
 .comment       0x00000043       0x44 ./Core/Src/main.o
 .comment       0x00000043       0x44 ./Core/Src/modbus.o
 .comment       0x00000043       0x44 ./Core/Src/power_on_blink.o
 .comment       0x00000043       0x44 ./Core/Src/pwm.o
 .comment       0x00000043       0x44 ./Core/Src/sensors.o
 .comment       0x00000043       0x44 ./Core/Src/stm32f0xx_hal_msp.o
 .comment       0x00000043       0x44 ./Core/Src/stm32f0xx_it.o
 .comment       0x00000043       0x44 ./Core/Src/system_stm32f0xx.o
 .comment       0x00000043       0x44 ./Core/Src/tim.o
 .comment       0x00000043       0x44 ./Core/Src/usart.o
 .comment       0x00000043       0x44 ./Drivers/STM32F0xx_HAL_Driver/stm32f0xx_hal.o
 .comment       0x00000043       0x44 ./Drivers/STM32F0xx_HAL_Driver/stm32f0xx_hal_adc.o
 .comment       0x00000043       0x44 ./Drivers/STM32F0xx_HAL_Driver/stm32f0xx_hal_adc_ex.o
 .comment       0x00000043       0x44 ./Drivers/STM32F0xx_HAL_Driver/stm32f0xx_hal_cortex.o
 .comment       0x00000043       0x44 ./Drivers/STM32F0xx_HAL_Driver/stm32f0xx_hal_dma.o
 .comment       0x00000043       0x44 ./Drivers/STM32F0xx_HAL_Driver/stm32f0xx_hal_gpio.o
 .comment       0x00000043       0x44 ./Drivers/STM32F0xx_HAL_Driver/stm32f0xx_hal_rcc.o
 .comment       0x00000043       0x44 ./Drivers/STM32F0xx_HAL_Driver/stm32f0xx_hal_rcc_ex.o
 .comment       0x00000043       0x44 ./Drivers/STM32F0xx_HAL_Driver/stm32f0xx_hal_tim.o
 .comment       0x00000043       0x44 ./Drivers/STM32F0xx_HAL_Driver/stm32f0xx_hal_tim_ex.o
 .comment       0x00000043       0x44 ./Drivers/STM32F0xx_HAL_Driver/stm32f0xx_hal_uart.o
 .comment       0x00000043       0x44 ./Drivers/STM32F0xx_HAL_Driver/stm32f0xx_hal_uart_ex.o

.debug_frame    0x00000000     0x3314
 .debug_frame   0x00000000       0x70 ./Core/Src/adc.o
 .debug_frame   0x00000070       0xa8 ./Core/Src/app.o
 .debug_frame   0x00000118       0x30 ./Core/Src/dma.o
 .debug_frame   0x00000148       0x30 ./Core/Src/gpio.o
 .debug_frame   0x00000178       0x68 ./Core/Src/main.o
 .debug_frame   0x000001e0       0xec ./Core/Src/modbus.o
 .debug_frame   0x000002cc       0x74 ./Core/Src/power_on_blink.o
 .debug_frame   0x00000340       0x8c ./Core/Src/pwm.o
 .debug_frame   0x000003cc       0x6c ./Core/Src/sensors.o
 .debug_frame   0x00000438       0x30 ./Core/Src/stm32f0xx_hal_msp.o
 .debug_frame   0x00000468      0x17c ./Core/Src/stm32f0xx_it.o
 .debug_frame   0x000005e4       0x4c ./Core/Src/system_stm32f0xx.o
 .debug_frame   0x00000630       0xcc ./Core/Src/tim.o
 .debug_frame   0x000006fc       0x6c ./Core/Src/usart.o
 .debug_frame   0x00000768      0x2a4 ./Drivers/STM32F0xx_HAL_Driver/stm32f0xx_hal.o
 .debug_frame   0x00000a0c      0x3a0 ./Drivers/STM32F0xx_HAL_Driver/stm32f0xx_hal_adc.o
 .debug_frame   0x00000dac       0x30 ./Drivers/STM32F0xx_HAL_Driver/stm32f0xx_hal_adc_ex.o
 .debug_frame   0x00000ddc      0x2a0 ./Drivers/STM32F0xx_HAL_Driver/stm32f0xx_hal_cortex.o
 .debug_frame   0x0000107c      0x1d0 ./Drivers/STM32F0xx_HAL_Driver/stm32f0xx_hal_dma.o
 .debug_frame   0x0000124c      0x110 ./Drivers/STM32F0xx_HAL_Driver/stm32f0xx_hal_gpio.o
 .debug_frame   0x0000135c      0x198 ./Drivers/STM32F0xx_HAL_Driver/stm32f0xx_hal_rcc.o
 .debug_frame   0x000014f4       0x70 ./Drivers/STM32F0xx_HAL_Driver/stm32f0xx_hal_rcc_ex.o
 .debug_frame   0x00001564      0xf00 ./Drivers/STM32F0xx_HAL_Driver/stm32f0xx_hal_tim.o
 .debug_frame   0x00002464      0x560 ./Drivers/STM32F0xx_HAL_Driver/stm32f0xx_hal_tim_ex.o
 .debug_frame   0x000029c4      0x810 ./Drivers/STM32F0xx_HAL_Driver/stm32f0xx_hal_uart.o
 .debug_frame   0x000031d4       0xd4 ./Drivers/STM32F0xx_HAL_Driver/stm32f0xx_hal_uart_ex.o
 .debug_frame   0x000032a8       0x20 C:/ST/STM32CubeIDE_1.17.0/STM32CubeIDE/plugins/com.st.stm32cube.ide.mcu.externaltools.gnu-tools-for-stm32.12.3.rel1.win32_1.1.0.202410251130/tools/bin/../lib/gcc/arm-none-eabi/12.3.1/../../../../arm-none-eabi/lib/thumb/v6-m/nofp\libc_nano.a(libc_a-memset.o)
 .debug_frame   0x000032c8       0x2c C:/ST/STM32CubeIDE_1.17.0/STM32CubeIDE/plugins/com.st.stm32cube.ide.mcu.externaltools.gnu-tools-for-stm32.12.3.rel1.win32_1.1.0.202410251130/tools/bin/../lib/gcc/arm-none-eabi/12.3.1/../../../../arm-none-eabi/lib/thumb/v6-m/nofp\libc_nano.a(libc_a-init.o)
 .debug_frame   0x000032f4       0x20 C:/ST/STM32CubeIDE_1.17.0/STM32CubeIDE/plugins/com.st.stm32cube.ide.mcu.externaltools.gnu-tools-for-stm32.12.3.rel1.win32_1.1.0.202410251130/tools/bin/../lib/gcc/arm-none-eabi/12.3.1/thumb/v6-m/nofp\libgcc.a(_udivsi3.o)

.debug_line_str
                0x00000000       0x83
 .debug_line_str
                0x00000000       0x83 ./Core/Startup/startup_stm32f030c8tx.o
